
> esusu-frontend@0.1.0 build
> next build

   Γû▓ Next.js 15.3.1

   Creating an optimized production build ...
 Γ£ô Compiled successfully in 17.0s
   Linting and checking validity of types ...

./app/blogs/page.tsx
58:29  Warning: Using `<img>` could result in slower LCP and higher bandwidth. Consider using `<Image />` from `next/image` or a custom image loader to automatically optimize images. This may incur additional usage or cost from your provider. See: https://nextjs.org/docs/messages/no-img-element  @next/next/no-img-element
61:37  Warning: Using `<img>` could result in slower LCP and higher bandwidth. Consider using `<Image />` from `next/image` or a custom image loader to automatically optimize images. This may incur additional usage or cost from your provider. See: https://nextjs.org/docs/messages/no-img-element  @next/next/no-img-element

./components/utilityBills/AirtimeForm.tsx
139:4  Warning: React Hook useEffect has a missing dependency: 'form'. Either include it or remove the dependency array.  react-hooks/exhaustive-deps
195:4  Warning: React Hook useEffect has a missing dependency: 'form'. Either include it or remove the dependency array.  react-hooks/exhaustive-deps
480:33  Warning: Using `<img>` could result in slower LCP and higher bandwidth. Consider using `<Image />` from `next/image` or a custom image loader to automatically optimize images. This may incur additional usage or cost from your provider. See: https://nextjs.org/docs/messages/no-img-element  @next/next/no-img-element
507:31  Warning: Using `<img>` could result in slower LCP and higher bandwidth. Consider using `<Image />` from `next/image` or a custom image loader to automatically optimize images. This may incur additional usage or cost from your provider. See: https://nextjs.org/docs/messages/no-img-element  @next/next/no-img-element

./components/utilityBills/MobileDataForm.tsx
412:35  Warning: Using `<img>` could result in slower LCP and higher bandwidth. Consider using `<Image />` from `next/image` or a custom image loader to automatically optimize images. This may incur additional usage or cost from your provider. See: https://nextjs.org/docs/messages/no-img-element  @next/next/no-img-element
440:33  Warning: Using `<img>` could result in slower LCP and higher bandwidth. Consider using `<Image />` from `next/image` or a custom image loader to automatically optimize images. This may incur additional usage or cost from your provider. See: https://nextjs.org/docs/messages/no-img-element  @next/next/no-img-element

info  - Need to disable some ESLint rules? Learn more here: https://nextjs.org/docs/app/api-reference/config/eslint#disabling-rules
node.exe : Failed to compile.
At C:\Program Files\nodejs\npm.ps1:29 char:3
+   & $NODE_EXE $NPM_CLI_JS $args
+   ~~~~~~~~~~~~~~~~~~~~~~~~~~~~~
    + CategoryInfo          : NotSpecified: (Failed to compile.:String) [], RemoteException
    + FullyQualifiedErrorId : NativeCommandError
 

../backend/lib/services/analyticsService.ts:336:58
Type error: Parameter 'p' implicitly has an 'any' type.

[0m [90m 334 |[39m     [90m// Calculate overview metrics[39m[0m
[0m [90m 335 |[39m     [36mconst[39m totalContributions [33m=[39m group[33m.[39mtotalContributions[33m;[39m[0m
[0m[31m[1m>[22m[39m[90m 336 |[39m     [36mconst[39m completedPayouts [33m=[39m group[33m.[39mpayoutSchedule[33m.[39mfilter(p [33m=>[39m p[33m.[39mstatus 
[33m===[39m [32m'paid'[39m)[33m.[39mlength[33m;[39m[0m
[0m [90m     |[39m                                                          [31m[1m^[22m[39m[0m
[0m [90m 337 |[39m     [36mconst[39m totalPayouts [33m=[39m completedPayouts [33m*[39m group[33m.[39msettings[33m.[39mcontributionAmount [33m*[39m 
group[33m.[39mmembers[33m.[39mlength[33m;[39m[0m
[0m [90m 338 |[39m     [36mconst[39m completionRate [33m=[39m (completedPayouts [33m/[39m group[33m.[39mmembers[33m.[39mlength) [33m*[39m 
[35m100[39m[33m;[39m[0m
[0m [90m 339 |[39m[0m
Next.js build worker exited with code: 1 and signal: null
